// Jest Snapshot v1, https://goo.gl/fbAQLP

exports[`index is a Vue instance 1`] = `
"<div class=\\"container\\">
  <div class=\\"row justify-center\\">
    <div class=\\"col-md-8 col-12\\">
      <div class=\\"container\\">
        <transition-group-stub name=\\"scroll-x-transition\\"></transition-group-stub>
      </div>
    </div>
  </div>
</div>"
`;
